// Vitest Snapshot v1, https://vitest.dev/guide/snapshot.html

exports[`the built bundle as a consumer imports it > exports the same names as the last time this test was updated 1`] = `
[
  "BloomTable",
  "CellContentType",
  "CellMenuItemId",
  "CellMenuItems",
  "CellMenuItemsProps",
  "CellSettings",
  "ColorPickerComponent",
  "ColorPickerContext",
  "ColorPickerProps",
  "DefaultColorPicker",
  "SpanCover",
  "TableApi",
  "TableApiContext",
  "TableMenu",
  "addColumn",
  "addColumnAt",
  "addRow",
  "addRowAt",
  "applyCellSettings",
  "attachTable",
  "canUndo",
  "cellMenuItemIds",
  "changeCellSpan",
  "contentTypeOptions",
  "defaultCellContentsForEachType",
  "defaultColumnWidth",
  "defaultRowHeight",
  "defaultTableApi",
  "detachTable",
  "dragToResize",
  "duplicateColumnAt",
  "duplicateRowAt",
  "getCell",
  "getColumnWidth",
  "getCurrentContentTypeId",
  "getDefaultCellContentTypeId",
  "getLastOperation",
  "getRowAndColumn",
  "getRowHeight",
  "getRowIndex",
  "getTableCells",
  "getTableInfo",
  "getTargetTable",
  "kTableCellContentChangedEvent",
  "moveColumnAt",
  "moveRowAt",
  "openCellMenu",
  "registerCellContentType",
  "removeColumnAt",
  "removeLastColumn",
  "removeLastRow",
  "removeRowAt",
  "removeTableEditingArtifacts",
  "setCellMenuItemFilter",
  "setCellMenuOpenHandler",
  "setCellSpan",
  "setColumnWidth",
  "setDefaultCellContentTypeId",
  "setRowHeight",
  "setStructuralChromeGate",
  "setupContentsOfCell",
  "snapshotCellSettings",
  "tableHistoryManager",
  "undoLastOperation",
  "unregisterCellContentType",
  "useColorPicker",
  "useTableApi",
]
`;
